// Vitest Snapshot v1, https://vitest.dev/guide/snapshot.html

exports[`Router configuration snapshot > Snapshot test 1`] = `[Function]`;
